
> app@0.1.0 build
> next build

   Γû▓ Next.js 15.3.5
   - Environments: .env

   Creating an optimized production build ...
 Γ£ô Compiled successfully in 4.0s
   Linting and checking validity of types ...
   Collecting page data ...
   Generating static pages (0/29) ...
   Generating static pages (7/29) 
   Generating static pages (14/29) 
   Generating static pages (21/29) 
 Γ£ô Generating static pages (29/29)
   Finalizing page optimization ...
   Collecting build traces ...

Route (app)                                 Size  First Load JS
Γöî Γùï /                                       6 kB         187 kB
Γö£ Γùï /_not-found                            977 B         102 kB
Γö£ ╞Æ /api/assignments                       171 B         101 kB
Γö£ ╞Æ /api/auth/login                        171 B         101 kB
Γö£ ╞Æ /api/auth/logout                       171 B         101 kB
Γö£ ╞Æ /api/auth/me                           171 B         101 kB
Γö£ ╞Æ /api/auth/signup                       171 B         101 kB
Γö£ ╞Æ /api/career-paths                      171 B         101 kB
Γö£ ╞Æ /api/problems                          171 B         101 kB
Γö£ ╞Æ /api/projects                          171 B         101 kB
Γö£ ╞Æ /api/study-schedules                   171 B         101 kB
Γö£ ╞Æ /api/study-schedules/[id]              171 B         101 kB
Γö£ ╞Æ /api/subjects                          171 B         101 kB
Γö£ ╞Æ /api/topics                            171 B         101 kB
Γö£ ╞Æ /api/user-progress                     171 B         101 kB
Γö£ ╞Æ /api/user-submissions                  171 B         101 kB
Γö£ ╞Æ /api/users                             171 B         101 kB
Γö£ ╞Æ /auth/callback                         171 B         101 kB
Γö£ Γùï /contact                             3.64 kB         147 kB
Γö£ Γùï /curriculum                          7.82 kB         151 kB
Γö£ Γùï /dashboard                           9.86 kB         160 kB
Γö£ Γùï /icon.png                                0 B            0 B
Γö£ Γùï /login                                1.7 kB         106 kB
Γö£ Γùï /problems                            13.5 kB         164 kB
Γö£ Γùï /profile                             5.25 kB         149 kB
Γö£ Γùï /roadmaps                               4 kB         148 kB
Γö£ Γùï /signup                               1.9 kB         107 kB
Γöö Γùï /visualizer                          7.06 kB         195 kB
+ First Load JS shared by all             101 kB
  Γö£ chunks/4bd1b696-4c55c06374f17186.js  53.2 kB
  Γö£ chunks/684-59965ae66533eeba.js       46.1 kB
  Γöö other shared chunks (total)          1.99 kB


╞Æ Middleware                             79.8 kB

Γùï  (Static)   prerendered as static content
╞Æ  (Dynamic)  server-rendered on demand

